To honour the JVM settings for this build a single-use Daemon process will be forked. For more on this, please refer to https://docs.gradle.org/8.13/userguide/gradle_daemon.html#sec:disabling_the_daemon in the Gradle documentation.
Daemon will be stopped at the end of the build 
> Task :app:preBuild UP-TO-DATE
> Task :app:preDebugBuild UP-TO-DATE
> Task :app:mergeDebugNativeDebugMetadata NO-SOURCE
> Task :app:checkKotlinGradlePluginConfigurationErrors SKIPPED
> Task :app:checkDebugAarMetadata UP-TO-DATE
> Task :app:processDebugNavigationResources UP-TO-DATE
> Task :app:compileDebugNavigationResources UP-TO-DATE
> Task :app:generateDebugResValues UP-TO-DATE
> Task :app:mapDebugSourceSetPaths UP-TO-DATE
> Task :app:generateDebugResources UP-TO-DATE
> Task :app:mergeDebugResources UP-TO-DATE
> Task :app:packageDebugResources UP-TO-DATE
> Task :app:parseDebugLocalResources UP-TO-DATE
> Task :app:createDebugCompatibleScreenManifests UP-TO-DATE
> Task :app:extractDeepLinksDebug UP-TO-DATE
> Task :app:processDebugMainManifest UP-TO-DATE
> Task :app:processDebugManifest UP-TO-DATE
> Task :app:processDebugManifestForPackage UP-TO-DATE
> Task :app:processDebugResources UP-TO-DATE
> Task :app:kspDebugKotlin UP-TO-DATE
> Task :app:javaPreCompileDebug UP-TO-DATE
> Task :app:mergeDebugShaders UP-TO-DATE
> Task :app:compileDebugShaders NO-SOURCE
> Task :app:generateDebugAssets UP-TO-DATE
> Task :app:mergeDebugAssets UP-TO-DATE
> Task :app:compressDebugAssets UP-TO-DATE
> Task :app:checkDebugDuplicateClasses UP-TO-DATE
> Task :app:desugarDebugFileDependencies UP-TO-DATE
> Task :app:mergeExtDexDebug UP-TO-DATE
> Task :app:mergeLibDexDebug UP-TO-DATE
> Task :app:mergeDebugJniLibFolders UP-TO-DATE
> Task :app:mergeDebugNativeLibs UP-TO-DATE
> Task :app:stripDebugDebugSymbols UP-TO-DATE
> Task :app:validateSigningDebug UP-TO-DATE
> Task :app:writeDebugAppMetadata UP-TO-DATE
> Task :app:writeDebugSigningConfigVersions UP-TO-DATE

> Task :app:compileDebugKotlin
.\gradlew.bat : e: file:///D:/lea
rnkotline/app/src/main/java/com/h
ello/lets/test/screen/ui/deshboar
d/Deshboard.kt:5:60 Unresolved 
reference 'TrendingUp'.
At line:1 char:1
+ .\gradlew.bat assembleDebug 
--no-daemon 2>&1 | Out-File 
-FilePath bui ...
+ ~~~~~~~~~~~~~~~~~~~~~~~~~~~~~~~
~~~~~~~~~~~~~
    + CategoryInfo          : No 
   tSpecified: (e: file:///D:/l  
  ...e 'TrendingUp'.:String) [   
 ], RemoteException
    + FullyQualifiedErrorId : Na 
   tiveCommandError
 
e: file:///D:/learnkotline/app/sr
c/main/java/com/hello/lets/test/s
creen/ui/deshboard/Deshboard.kt:7
:47 Unresolved reference 
'Savings'.
e: file:///D:/learnkotline/app/sr
c/main/java/com/hello/lets/test/s
creen/ui/deshboard/Deshboard.kt:4
4:43 Unresolved reference 
'Savings'.
e: file:///D:/learnkotline/app/sr
c/main/java/com/hello/lets/test/s
creen/ui/deshboard/Deshboard.kt:4
5:67 Unresolved reference 
'TrendingUp'.
e: file:///D:/learnkotline/app/sr
c/main/java/com/hello/lets/test/s
creen/ui/goals/GoalsScreen.kt:401
:35 Unresolved reference 
'Shield'.
e: file:///D:/learnkotline/app/sr
c/main/java/com/hello/lets/test/s
creen/ui/goals/GoalsScreen.kt:402
:35 Unresolved reference 
'Flight'.
e: file:///D:/learnkotline/app/sr
c/main/java/com/hello/lets/test/s
creen/ui/goals/GoalsScreen.kt:403
:35 Unresolved reference 
'Laptop'.
e: file:///D:/learnkotline/app/sr
c/main/java/com/hello/lets/test/s
creen/ui/goals/GoalsScreen.kt:405
:32 Unresolved reference 
'DirectionsCar'.
e: file:///D:/learnkotline/app/sr
c/main/java/com/hello/lets/test/s
creen/ui/goals/GoalsScreen.kt:406
:35 Unresolved reference 
'School'.
e: file:///D:/learnkotline/app/sr
c/main/java/com/hello/lets/test/s
creen/ui/goals/GoalsScreen.kt:407
:35 Unresolved reference 
'LocalHospital'.
e: file:///D:/learnkotline/app/sr
c/main/java/com/hello/lets/test/s
creen/ui/goals/GoalsScreen.kt:408
:31 Unresolved reference 
'Savings'.
e: file:///D:/learnkotline/app/sr
c/main/java/com/hello/lets/test/s
creen/ui/lock/LockScreen.kt:14:48
 Unresolved reference 
'Fingerprint'.
e: file:///D:/learnkotline/app/sr
c/main/java/com/hello/lets/test/s
creen/ui/lock/LockScreen.kt:15:48
 Unresolved reference 'Grid4x4'.
e: file:///D:/learnkotline/app/sr
c/main/java/com/hello/lets/test/s
creen/ui/lock/LockScreen.kt:17:48
 Unresolved reference 'WifiOff'.
e: file:///D:/learnkotline/app/sr
c/main/java/com/hello/lets/test/s
creen/ui/lock/LockScreen.kt:124:5
3 Unresolved reference 'WifiOff'.
e: file:///D:/learnkotline/app/sr
c/main/java/com/hello/lets/test/s
creen/ui/lock/LockScreen.kt:199:4
9 Unresolved reference 
'Fingerprint'.
e: file:///D:/learnkotline/app/sr
c/main/java/com/hello/lets/test/s
creen/ui/lock/LockScreen.kt:217:4
9 Unresolved reference 'Grid4x4'.
e: file:///D:/learnkotline/app/sr
c/main/java/com/hello/lets/test/s
creen/ui/lock/LockScreen.kt:380:4
9 Unresolved reference 
'Fingerprint'.
e: file:///D:/learnkotline/app/sr
c/main/java/com/hello/lets/test/s
creen/ui/settings/SettingsScreen.
kt:153:42 Unresolved reference 
'Brightness4'.
e: file:///D:/learnkotline/app/sr
c/main/java/com/hello/lets/test/s
creen/ui/settings/SettingsScreen.
kt:162:42 Unresolved reference 
'Palette'.
e: file:///D:/learnkotline/app/sr
c/main/java/com/hello/lets/test/s
creen/ui/settings/SettingsScreen.
kt:184:42 Unresolved reference 
'Upload'.

> Task :app:compileDebugKotlin FAILED

FAILURE: Build failed with an 
exception.

* What went wrong:
Execution failed for task 
':app:compileDebugKotlin'.
> A failure occurred while 
executing org.jetbrains.kotlin.co
mpilerRunner.GradleCompilerRunner
WithWorkers$GradleKotlinCompilerW
orkAction
   > Compilation error. See log 
for more details

* Try:
> Run with --stacktrace option 
to get the stack trace.
> Run with --info or --debug 
option to get more log output.
> Run with --scan to get full 
insights.
> Get more help at 
https://help.gradle.org.

BUILD FAILED in 31s
31 actionable tasks: 1 executed, 30 up-to-date
