> Task :app:checkKotlinGradlePluginConfigurationErrors SKIPPED
> Task :app:preBuild UP-TO-DATE
> Task :app:preDebugBuild UP-TO-DATE
> Task :app:checkDebugAarMetadata UP-TO-DATE
> Task :app:processDebugNavigationResources UP-TO-DATE
> Task :app:compileDebugNavigationResources UP-TO-DATE
> Task :app:generateDebugResValues UP-TO-DATE
> Task :app:mapDebugSourceSetPaths UP-TO-DATE
> Task :app:generateDebugResources UP-TO-DATE
> Task :app:mergeDebugResources UP-TO-DATE
> Task :app:packageDebugResources UP-TO-DATE
> Task :app:parseDebugLocalResources UP-TO-DATE
> Task :app:createDebugCompatibleScreenManifests UP-TO-DATE
> Task :app:extractDeepLinksDebug UP-TO-DATE
> Task :app:processDebugMainManifest
> Task :app:processDebugManifest
> Task :app:processDebugManifestForPackage
> Task :app:processDebugResources

> Task :app:kspDebugKotlin
w: [ksp] D:/learnkotline/app/src/main/java/com/hello/lets/test/data/AppDatabase.kt:38: Schema export directory was not provided to the annotation processor so Room cannot export the schema. You can either provide `room.schemaLocation` annotation processor argument by applying the Room Gradle plugin (id 'androidx.room') OR set exportSchema to false.

> Task :app:compileDebugKotlin FAILED
.\gradlew.bat : e: file:///D:/lea
rnkotline/app/src/main/java/com/h
ello/lets/test/data/dao/Transacti
onDao.kt:43:5 Conflicting 
overloads:
At line:1 char:1
+ .\gradlew.bat 
compileDebugKotlin 2>&1 | 
Out-File -FilePath .\build_er ...
+ ~~~~~~~~~~~~~~~~~~~~~~~~~~~~~~~
~~~~~~
    + CategoryInfo          : 
NotSpec    ified: (e: 
file:///D:/l...ting ov    
erloads::String) [], 
RemoteExcept    ion
    + FullyQualifiedErrorId : 
NativeC    ommandError
 
suspend fun getById(id: Long): 
Transaction?
e: file:///D:/learnkotline/app/sr
c/main/java/com/hello/lets/test/d
ata/dao/TransactionDao.kt:97:5 
Conflicting overloads:
suspend fun getById(id: Long): 
Transaction?
e: file:///D:/learnkotline/app/sr
c/main/java/com/hello/lets/test/s
creen/ui/goals/GoalsScreen.kt:437
:10 Unresolved reference 
'stateIn'.
e: file:///D:/learnkotline/app/sr
c/main/java/com/hello/lets/test/s
creen/ui/goals/GoalsScreen.kt:440
:28 Cannot infer type for this 
parameter. Please specify it 
explicitly.
e: file:///D:/learnkotline/app/sr
c/main/java/com/hello/lets/test/s
creen/ui/transaction/AllTransacti
onsScreen.kt:326:24 Unresolved 
reference 'launch'.
e: file:///D:/learnkotline/app/sr
c/main/java/com/hello/lets/test/s
creen/ui/transaction/AllTransacti
onsScreen.kt:327:49 Suspend 
function 'suspend fun 
collect(collector: FlowCollector<
List<Transaction>>): Unit' 
should be called only from a 
coroutine or another suspend 
function.
e: file:///D:/learnkotline/app/sr
c/main/java/com/hello/lets/test/s
creen/ui/transaction/TransactionD
etailScreen.kt:588:51 Overload 
resolution ambiguity between 
candidates:
suspend fun getById(id: Long): 
Transaction?
suspend fun getById(id: Long): 
Transaction?
e: file:///D:/learnkotline/app/sr
c/main/java/com/hello/lets/test/s
creen/ui/transaction/TransactionD
etailScreen.kt:589:26 Cannot 
infer type for this parameter. 
Please specify it explicitly.
e: file:///D:/learnkotline/app/sr
c/main/java/com/hello/lets/test/s
creen/ui/transaction/TransactionD
etailScreen.kt:589:26 Unresolved 
reference. None of the following 
candidates is applicable because 
of a receiver type mismatch:
fun <T, R> T.let(block: (T) -> 
R): R
    [R|Contract description]
     <
        CallsInPlace(block, 
EXACTLY_ONCE)
    >
e: file:///D:/learnkotline/app/sr
c/main/java/com/hello/lets/test/s
creen/ui/transaction/TransactionD
etailScreen.kt:589:32 Cannot 
infer type for this parameter. 
Please specify it explicitly.
e: file:///D:/learnkotline/app/sr
c/main/java/com/hello/lets/test/s
creen/ui/transaction/TransactionD
etailScreen.kt:590:35 Unresolved 
reference 'categoryId'.
e: file:///D:/learnkotline/app/sr
c/main/java/com/hello/lets/test/s
creen/ui/transaction/TransactionD
etailScreen.kt:590:47 Cannot 
infer type for this parameter. 
Please specify it explicitly.
e: file:///D:/learnkotline/app/sr
c/main/java/com/hello/lets/test/s
creen/ui/transaction/TransactionD
etailScreen.kt:590:51 Cannot 
infer type for this parameter. 
Please specify it explicitly.
e: file:///D:/learnkotline/app/sr
c/main/java/com/hello/lets/test/s
creen/ui/transaction/TransactionD
etailScreen.kt:590:70 Suspension 
functions can only be called 
within coroutine body.
e: file:///D:/learnkotline/app/sr
c/main/java/com/hello/lets/test/s
creen/ui/transaction/TransactionD
etailScreen.kt:593:41 Unresolved 
reference 'merchant'.
e: file:///D:/learnkotline/app/sr
c/main/java/com/hello/lets/test/s
creen/ui/transaction/TransactionD
etailScreen.kt:594:38 Unresolved 
reference 'notes'.
e: file:///D:/learnkotline/app/sr
c/main/java/com/hello/lets/test/s
creen/ui/transaction/TransactionD
etailsScreen.kt:654:10 
Unresolved reference 'stateIn'.
e: file:///D:/learnkotline/app/sr
c/main/java/com/hello/lets/test/s
creen/ui/transaction/TransactionD
etailsScreen.kt:657:28 Cannot 
infer type for this parameter. 
Please specify it explicitly.
e: file:///D:/learnkotline/app/sr
c/main/java/com/hello/lets/test/s
creen/ui/transaction/TransactionD
etailsScreen.kt:663:46 Overload 
resolution ambiguity between 
candidates:
suspend fun getById(id: Long): 
Transaction?
suspend fun getById(id: Long): 
Transaction?
e: file:///D:/learnkotline/app/sr
c/main/java/com/hello/lets/test/s
creen/ui/transaction/TransactionD
etailsScreen.kt:667:47 
Unresolved reference 'merchant'.
e: file:///D:/learnkotline/app/sr
c/main/java/com/hello/lets/test/s
creen/ui/transaction/TransactionD
etailsScreen.kt:668:49 
Unresolved reference 
'categoryId'.
e: file:///D:/learnkotline/app/sr
c/main/java/com/hello/lets/test/s
creen/ui/transaction/TransactionD
etailsScreen.kt:669:44 
Unresolved reference 'notes'.

FAILURE: Build failed with an 
exception.

* What went wrong:
Execution failed for task 
':app:compileDebugKotlin'.
> A failure occurred while 
executing org.jetbrains.kotlin.co
mpilerRunner.GradleCompilerRunner
WithWorkers$GradleKotlinCompilerW
orkAction
   > Compilation error. See log 
for more details

* Try:
> Run with --stacktrace option 
to get the stack trace.
> Run with --info or --debug 
option to get more log output.
> Run with --scan to get full 
insights.
> Get more help at 
https://help.gradle.org.

BUILD FAILED in 14s
17 actionable tasks: 6 executed, 11 up-to-date
